
PROGRAM "\\en4a\eg625750$\microMouse\microMouse\bin\Project.abs"

*********************************************************************************************
TARGET SECTION
---------------------------------------------------------------------------------------------
Processor   : Freescale HC08
Memory Model: SMALL
File Format : ELF\DWARF 2.0
Linker      : SmartLinker V-5.0.37 Build 9279, Oct  7 2009

*********************************************************************************************
FILE SECTION
---------------------------------------------------------------------------------------------
RTSHC08.C.o (ansiis.lib)                Model: SMALL,         Lang: ANSI-C
MC9S08AW60.C.o                          Model: SMALL,         Lang: ANSI-C
Start08.c.o                             Model: SMALL,         Lang: ANSI-C
motor_control.c.o                       Model: SMALL,         Lang: ANSI-C
mouse_control.c.o                       Model: SMALL,         Lang: ANSI-C
mouse_operation.c.o                     Model: SMALL,         Lang: ANSI-C
serial_interface.c.o                    Model: SMALL,         Lang: ANSI-C
util.c.o                                Model: SMALL,         Lang: ANSI-C
isr.c.o                                 Model: SMALL,         Lang: ANSI-C
main.c.o                                Model: SMALL,         Lang: ANSI-C

*********************************************************************************************
STARTUP SECTION
---------------------------------------------------------------------------------------------
Entry point: 0x18DB (_Startup)
_startupData is allocated at 0x18E4 and uses 6 Bytes
extern struct _tagStartup {
  unsigned nofZeroOut     1
  _Range   pZeroOut       0x180     30
  _Copy    *toCopyDownBeg 0x21C5
} _startupData;

*********************************************************************************************
SECTION-ALLOCATION SECTION
Section Name                    Size  Type     From       To       Segment
---------------------------------------------------------------------------------------------
.stack                           128   R/W      0x100      0x17F   RAM
.init                            132     R     0x1860     0x18E3   ROM
.startData                        18     R     0x18E4     0x18F5   ROM
.rodata1                         520     R     0x18F6     0x1AFD   ROM
.text                           1735     R     0x1AFE     0x21C4   ROM
.copy                              2     R     0x21C5     0x21C6   ROM
.abs_section_0                     1   N/I        0x0        0x0   .absSeg0
.abs_section_1                     1   N/I        0x1        0x1   .absSeg1
.abs_section_2                     1   N/I        0x2        0x2   .absSeg2
.abs_section_3                     1   N/I        0x3        0x3   .absSeg3
.abs_section_4                     1   N/I        0x4        0x4   .absSeg4
.abs_section_5                     1   N/I        0x5        0x5   .absSeg5
.abs_section_6                     1   N/I        0x6        0x6   .absSeg6
.abs_section_7                     1   N/I        0x7        0x7   .absSeg7
.abs_section_8                     1   N/I        0x8        0x8   .absSeg8
.abs_section_9                     1   N/I        0x9        0x9   .absSeg9
.abs_section_a                     1   N/I        0xA        0xA   .absSeg10
.abs_section_b                     1   N/I        0xB        0xB   .absSeg11
.abs_section_c                     1   N/I        0xC        0xC   .absSeg12
.abs_section_d                     1   N/I        0xD        0xD   .absSeg13
.abs_section_10                    1   N/I       0x10       0x10   .absSeg14
.abs_section_11                    1   N/I       0x11       0x11   .absSeg15
.abs_section_16                    1   N/I       0x16       0x16   .absSeg16
.abs_section_17                    1   N/I       0x17       0x17   .absSeg17
.abs_section_18                    1   N/I       0x18       0x18   .absSeg18
.abs_section_1c                    1   N/I       0x1C       0x1C   .absSeg19
.abs_section_1e                    1   N/I       0x1E       0x1E   .absSeg20
.abs_section_1f                    1   N/I       0x1F       0x1F   .absSeg21
.abs_section_20                    1   N/I       0x20       0x20   .absSeg22
.abs_section_25                    1   N/I       0x25       0x25   .absSeg23
.abs_section_28                    1   N/I       0x28       0x28   .absSeg24
.abs_section_2b                    1   N/I       0x2B       0x2B   .absSeg25
.abs_section_2e                    1   N/I       0x2E       0x2E   .absSeg26
.abs_section_31                    1   N/I       0x31       0x31   .absSeg27
.abs_section_34                    1   N/I       0x34       0x34   .absSeg28
.abs_section_3a                    1   N/I       0x3A       0x3A   .absSeg29
.abs_section_3b                    1   N/I       0x3B       0x3B   .absSeg30
.abs_section_3c                    1   N/I       0x3C       0x3C   .absSeg31
.abs_section_3d                    1   N/I       0x3D       0x3D   .absSeg32
.abs_section_3e                    1   N/I       0x3E       0x3E   .absSeg33
.abs_section_3f                    1   N/I       0x3F       0x3F   .absSeg34
.abs_section_42                    1   N/I       0x42       0x42   .absSeg35
.abs_section_43                    1   N/I       0x43       0x43   .absSeg36
.abs_section_44                    1   N/I       0x44       0x44   .absSeg37
.abs_section_45                    1   N/I       0x45       0x45   .absSeg38
.abs_section_46                    1   N/I       0x46       0x46   .absSeg39
.abs_section_47                    1   N/I       0x47       0x47   .absSeg40
.abs_section_48                    1   N/I       0x48       0x48   .absSeg41
.abs_section_49                    1   N/I       0x49       0x49   .absSeg42
.abs_section_4a                    1   N/I       0x4A       0x4A   .absSeg43
.abs_section_4b                    1   N/I       0x4B       0x4B   .absSeg44
.abs_section_4e                    1   N/I       0x4E       0x4E   .absSeg45
.abs_section_50                    1   N/I       0x50       0x50   .absSeg46
.abs_section_51                    1   N/I       0x51       0x51   .absSeg47
.abs_section_52                    1   N/I       0x52       0x52   .absSeg48
.abs_section_53                    1   N/I       0x53       0x53   .absSeg49
.abs_section_55                    1   N/I       0x55       0x55   .absSeg50
.abs_section_58                    1   N/I       0x58       0x58   .absSeg51
.abs_section_59                    1   N/I       0x59       0x59   .absSeg52
.abs_section_5a                    1   N/I       0x5A       0x5A   .absSeg53
.abs_section_5b                    1   N/I       0x5B       0x5B   .absSeg54
.abs_section_5c                    1   N/I       0x5C       0x5C   .absSeg55
.abs_section_60                    1   N/I       0x60       0x60   .absSeg56
.abs_section_65                    1   N/I       0x65       0x65   .absSeg57
.abs_section_68                    1   N/I       0x68       0x68   .absSeg58
.abs_section_1800                  1   N/I     0x1800     0x1800   .absSeg59
.abs_section_1801                  1   N/I     0x1801     0x1801   .absSeg60
.abs_section_1802                  1   N/I     0x1802     0x1802   .absSeg61
.abs_section_1803                  1   N/I     0x1803     0x1803   .absSeg62
.abs_section_1808                  1   N/I     0x1808     0x1808   .absSeg63
.abs_section_1809                  1   N/I     0x1809     0x1809   .absSeg64
.abs_section_180a                  1   N/I     0x180A     0x180A   .absSeg65
.abs_section_1816                  1   N/I     0x1816     0x1816   .absSeg66
.abs_section_1817                  1   N/I     0x1817     0x1817   .absSeg67
.abs_section_1818                  1   N/I     0x1818     0x1818   .absSeg68
.abs_section_1820                  1   N/I     0x1820     0x1820   .absSeg69
.abs_section_1821                  1   N/I     0x1821     0x1821   .absSeg70
.abs_section_1823                  1   N/I     0x1823     0x1823   .absSeg71
.abs_section_1824                  1   N/I     0x1824     0x1824   .absSeg72
.abs_section_1825                  1   N/I     0x1825     0x1825   .absSeg73
.abs_section_1826                  1   N/I     0x1826     0x1826   .absSeg74
.abs_section_1840                  1   N/I     0x1840     0x1840   .absSeg75
.abs_section_1841                  1   N/I     0x1841     0x1841   .absSeg76
.abs_section_1842                  1   N/I     0x1842     0x1842   .absSeg77
.abs_section_1844                  1   N/I     0x1844     0x1844   .absSeg78
.abs_section_1845                  1   N/I     0x1845     0x1845   .absSeg79
.abs_section_1846                  1   N/I     0x1846     0x1846   .absSeg80
.abs_section_1848                  1   N/I     0x1848     0x1848   .absSeg81
.abs_section_1849                  1   N/I     0x1849     0x1849   .absSeg82
.abs_section_184a                  1   N/I     0x184A     0x184A   .absSeg83
.abs_section_184c                  1   N/I     0x184C     0x184C   .absSeg84
.abs_section_184d                  1   N/I     0x184D     0x184D   .absSeg85
.abs_section_184e                  1   N/I     0x184E     0x184E   .absSeg86
.abs_section_1850                  1   N/I     0x1850     0x1850   .absSeg87
.abs_section_1851                  1   N/I     0x1851     0x1851   .absSeg88
.abs_section_1852                  1   N/I     0x1852     0x1852   .absSeg89
.abs_section_1854                  1   N/I     0x1854     0x1854   .absSeg90
.abs_section_1855                  1   N/I     0x1855     0x1855   .absSeg91
.abs_section_1856                  1   N/I     0x1856     0x1856   .absSeg92
.abs_section_1858                  1   N/I     0x1858     0x1858   .absSeg93
.abs_section_1859                  1   N/I     0x1859     0x1859   .absSeg94
.abs_section_185a                  1   N/I     0x185A     0x185A   .absSeg95
.abs_section_12                    2   N/I       0x12       0x13   .absSeg96
.abs_section_14                    2   N/I       0x14       0x15   .absSeg97
.abs_section_21                    2   N/I       0x21       0x22   .absSeg98
.abs_section_23                    2   N/I       0x23       0x24   .absSeg99
.abs_section_26                    2   N/I       0x26       0x27   .absSeg100
.abs_section_29                    2   N/I       0x29       0x2A   .absSeg101
.abs_section_2c                    2   N/I       0x2C       0x2D   .absSeg102
.abs_section_2f                    2   N/I       0x2F       0x30   .absSeg103
.abs_section_32                    2   N/I       0x32       0x33   .absSeg104
.abs_section_35                    2   N/I       0x35       0x36   .absSeg105
.abs_section_38                    2   N/I       0x38       0x39   .absSeg106
.abs_section_40                    2   N/I       0x40       0x41   .absSeg107
.abs_section_4c                    2   N/I       0x4C       0x4D   .absSeg108
.abs_section_61                    2   N/I       0x61       0x62   .absSeg109
.abs_section_63                    2   N/I       0x63       0x64   .absSeg110
.abs_section_66                    2   N/I       0x66       0x67   .absSeg111
.abs_section_69                    2   N/I       0x69       0x6A   .absSeg112
.abs_section_1806                  2   N/I     0x1806     0x1807   .absSeg113
.abs_section_1810                  2   N/I     0x1810     0x1811   .absSeg114
.abs_section_1812                  2   N/I     0x1812     0x1813   .absSeg115
.abs_section_1814                  2   N/I     0x1814     0x1815   .absSeg116
.abs_section_ffd2                  2     R     0xFFD2     0xFFD3   .absSeg117
.abs_section_ffe2                  2     R     0xFFE2     0xFFE3   .absSeg118
.abs_section_ffe6                  2     R     0xFFE6     0xFFE7   .absSeg119
.abs_section_ffe4                  2     R     0xFFE4     0xFFE5   .absSeg120
.bss                               4   R/W      0x180      0x183   RAM
.common                           26   R/W      0x184      0x19D   RAM
.vectSeg121_vect                   2     R     0xFFFE     0xFFFF   .vectSeg121

Summary of section sizes per section type:
READ_ONLY (R):         971 (dec:     2417)
READ_WRITE (R/W):       9E (dec:      158)
NO_INIT (N/I):          8A (dec:      138)

*********************************************************************************************
VECTOR-ALLOCATION SECTION
    Address     InitValue   InitFunction
---------------------------------------------------------------------------------------------
     0xFFFE        0x18DB   _Startup

*********************************************************************************************
OBJECT-ALLOCATION SECTION
     Name               Module                 Addr   hSize   dSize     Ref    Section   RLIB
---------------------------------------------------------------------------------------------
MODULE:                 -- RTSHC08.C.o (ansiis.lib) --
- PROCEDURES:
     _IDIVMOD                                  1AFE      69     105       2   .text       
     _SPLITSIGN                                1B67      1C      28       1   .text       
     _IMUL_STAR08                              1B83      27      39       1   .text       
     _IDIVS_STAR08                             1BAA      1B      27       1   .text       
     _IDIVU_STAR08                             1BC5       D      13       1   .text       
     _ILSR                                     1BD2       C      12       1   .text       
     _Jump_Table_Header_Offset                 1BDE      24      36       4   .text       
- VARIABLES:
MODULE:                 -- MC9S08AW60.C.o --
- PROCEDURES:
- VARIABLES:
     _PTAD                                        0       1       1      10   .abs_section_0
     _PTADD                                       1       1       1       1   .abs_section_1
     _PTBD                                        2       1       1       4   .abs_section_2
     _PTBDD                                       3       1       1       0   .abs_section_3
     _PTCD                                        4       1       1       0   .abs_section_4
     _PTCDD                                       5       1       1       0   .abs_section_5
     _PTDD                                        6       1       1       2   .abs_section_6
     _PTDDD                                       7       1       1       0   .abs_section_7
     _PTED                                        8       1       1       0   .abs_section_8
     _PTEDD                                       9       1       1       0   .abs_section_9
     _PTFD                                        A       1       1       0   .abs_section_a
     _PTFDD                                       B       1       1       0   .abs_section_b
     _PTGD                                        C       1       1       0   .abs_section_c
     _PTGDD                                       D       1       1       0   .abs_section_d
     _ADC1SC1                                    10       1       1       0   .abs_section_10
     _ADC1SC2                                    11       1       1       0   .abs_section_11
     _ADC1CFG                                    16       1       1       1   .abs_section_16
     _APCTL1                                     17       1       1       1   .abs_section_17
     _APCTL2                                     18       1       1       0   .abs_section_18
     _IRQSC                                      1C       1       1       0   .abs_section_1c
     _KBI1SC                                     1E       1       1       1   .abs_section_1e
     _KBI1PE                                     1F       1       1       0   .abs_section_1f
     _TPM1SC                                     20       1       1       1   .abs_section_20
     _TPM1C0SC                                   25       1       1       0   .abs_section_25
     _TPM1C1SC                                   28       1       1       0   .abs_section_28
     _TPM1C2SC                                   2B       1       1       1   .abs_section_2b
     _TPM1C3SC                                   2E       1       1       1   .abs_section_2e
     _TPM1C4SC                                   31       1       1       1   .abs_section_31
     _TPM1C5SC                                   34       1       1       1   .abs_section_34
     _SCI1C1                                     3A       1       1       0   .abs_section_3a
     _SCI1C2                                     3B       1       1       0   .abs_section_3b
     _SCI1S1                                     3C       1       1       0   .abs_section_3c
     _SCI1S2                                     3D       1       1       0   .abs_section_3d
     _SCI1C3                                     3E       1       1       0   .abs_section_3e
     _SCI1D                                      3F       1       1       0   .abs_section_3f
     _SCI2C1                                     42       1       1       0   .abs_section_42
     _SCI2C2                                     43       1       1       1   .abs_section_43
     _SCI2S1                                     44       1       1       3   .abs_section_44
     _SCI2S2                                     45       1       1       0   .abs_section_45
     _SCI2C3                                     46       1       1       0   .abs_section_46
     _SCI2D                                      47       1       1       2   .abs_section_47
     _ICGC1                                      48       1       1       1   .abs_section_48
     _ICGC2                                      49       1       1       0   .abs_section_49
     _ICGS1                                      4A       1       1       0   .abs_section_4a
     _ICGS2                                      4B       1       1       0   .abs_section_4b
     _ICGTRM                                     4E       1       1       0   .abs_section_4e
     _SPI1C1                                     50       1       1       0   .abs_section_50
     _SPI1C2                                     51       1       1       0   .abs_section_51
     _SPI1BR                                     52       1       1       0   .abs_section_52
     _SPI1S                                      53       1       1       0   .abs_section_53
     _SPI1D                                      55       1       1       0   .abs_section_55
     _IIC1A                                      58       1       1       0   .abs_section_58
     _IIC1F                                      59       1       1       0   .abs_section_59
     _IIC1C                                      5A       1       1       0   .abs_section_5a
     _IIC1S                                      5B       1       1       0   .abs_section_5b
     _IIC1D                                      5C       1       1       0   .abs_section_5c
     _TPM2SC                                     60       1       1       2   .abs_section_60
     _TPM2C0SC                                   65       1       1       2   .abs_section_65
     _TPM2C1SC                                   68       1       1       2   .abs_section_68
     _SRS                                      1800       1       1       0   .abs_section_1800
     _SBDFR                                    1801       1       1       0   .abs_section_1801
     _SOPT                                     1802       1       1       1   .abs_section_1802
     _SMCLK                                    1803       1       1       0   .abs_section_1803
     _SRTISC                                   1808       1       1       0   .abs_section_1808
     _SPMSC1                                   1809       1       1       0   .abs_section_1809
     _SPMSC2                                   180A       1       1       0   .abs_section_180a
     _DBGC                                     1816       1       1       0   .abs_section_1816
     _DBGT                                     1817       1       1       0   .abs_section_1817
     _DBGS                                     1818       1       1       0   .abs_section_1818
     _FCDIV                                    1820       1       1       0   .abs_section_1820
     _FOPT                                     1821       1       1       0   .abs_section_1821
     _FCNFG                                    1823       1       1       0   .abs_section_1823
     _FPROT                                    1824       1       1       0   .abs_section_1824
     _FSTAT                                    1825       1       1       0   .abs_section_1825
     _FCMD                                     1826       1       1       0   .abs_section_1826
     _PTAPE                                    1840       1       1       1   .abs_section_1840
     _PTASE                                    1841       1       1       0   .abs_section_1841
     _PTADS                                    1842       1       1       0   .abs_section_1842
     _PTBPE                                    1844       1       1       0   .abs_section_1844
     _PTBSE                                    1845       1       1       0   .abs_section_1845
     _PTBDS                                    1846       1       1       0   .abs_section_1846
     _PTCPE                                    1848       1       1       0   .abs_section_1848
     _PTCSE                                    1849       1       1       0   .abs_section_1849
     _PTCDS                                    184A       1       1       0   .abs_section_184a
     _PTDPE                                    184C       1       1       0   .abs_section_184c
     _PTDSE                                    184D       1       1       0   .abs_section_184d
     _PTDDS                                    184E       1       1       0   .abs_section_184e
     _PTEPE                                    1850       1       1       0   .abs_section_1850
     _PTESE                                    1851       1       1       0   .abs_section_1851
     _PTEDS                                    1852       1       1       0   .abs_section_1852
     _PTFPE                                    1854       1       1       0   .abs_section_1854
     _PTFSE                                    1855       1       1       0   .abs_section_1855
     _PTFDS                                    1856       1       1       0   .abs_section_1856
     _PTGPE                                    1858       1       1       0   .abs_section_1858
     _PTGSE                                    1859       1       1       0   .abs_section_1859
     _PTGDS                                    185A       1       1       0   .abs_section_185a
     _ADC1R                                      12       2       2       0   .abs_section_12
     _ADC1CV                                     14       2       2       0   .abs_section_14
     _TPM1CNT                                    21       2       2       0   .abs_section_21
     _TPM1MOD                                    23       2       2       2   .abs_section_23
     _TPM1C0V                                    26       2       2       0   .abs_section_26
     _TPM1C1V                                    29       2       2       0   .abs_section_29
     _TPM1C2V                                    2C       2       2       1   .abs_section_2c
     _TPM1C3V                                    2F       2       2       1   .abs_section_2f
     _TPM1C4V                                    32       2       2       1   .abs_section_32
     _TPM1C5V                                    35       2       2       1   .abs_section_35
     _SCI1BD                                     38       2       2       0   .abs_section_38
     _SCI2BD                                     40       2       2       1   .abs_section_40
     _ICGFLT                                     4C       2       2       0   .abs_section_4c
     _TPM2CNT                                    61       2       2       0   .abs_section_61
     _TPM2MOD                                    63       2       2       1   .abs_section_63
     _TPM2C0V                                    66       2       2       2   .abs_section_66
     _TPM2C1V                                    69       2       2       2   .abs_section_69
     _SDID                                     1806       2       2       0   .abs_section_1806
     _DBGCA                                    1810       2       2       0   .abs_section_1810
     _DBGCB                                    1812       2       2       0   .abs_section_1812
     _DBGF                                     1814       2       2       0   .abs_section_1814
MODULE:                 -- Start08.c.o --
- PROCEDURES:
     loadByte                                  1860       E      14       5   .init       
     Init                                      186E      6D     109       1   .init       
     _Startup                                  18DB       9       9       0   .init       
- VARIABLES:
     _startupData                              18E4       6       6       4   .startData  
- LABELS:
     __SEG_END_SSTACK                           180       0       0       1               
MODULE:                 -- motor_control.c.o --
- PROCEDURES:
     ControlMotor                              1C02      86     134       7   .text       
     ControlSpeed                              1C88      80     128       1   .text       
- VARIABLES:
MODULE:                 -- mouse_control.c.o --
- PROCEDURES:
     ControlMouse                              1D08     10E     270      11   .text       
- VARIABLES:
MODULE:                 -- mouse_operation.c.o --
- PROCEDURES:
     AvoidObstacle                             1E16      4E      78       1   .text       
     LineFollowing                             1E64      2A      42       1   .text       
     Combat                                    1E8E       1       1       1   .text       
     Debug                                     1E8F      D5     213       1   .text       
- VARIABLES:
     STRING.Welcome.to.the.debug.1             18F6      43      67       1   .rodata1    
     STRING.List.of.available.co.2             1939      1E      30       1   .rodata1    
     STRING.F.Forward...3                      1957       C      12       1   .rodata1    
     STRING.R.Reverse...4                      1963       C      12       1   .rodata1    
     STRING.S.Stop...5                         196F       9       9       1   .rodata1    
     STRING.A.roate.Anticlockwis.6             1978      18      24       1   .rodata1    
     STRING.C.rotate.Clockwise...7             1990      15      21       1   .rodata1    
     STRING.V.Veer.left.Clockwis.8             19A5      18      24       1   .rodata1    
     STRING.B.Veer.right.Clockwi.9             19BD      19      25       1   .rodata1    
     STRING...Increment.speed.by.10            19D6      21      33       1   .rodata1    
     STRING...Decrement.speed.by.11            19F7      21      33       1   .rodata1    
     STRING.D.Display.ADC.value..12            1A18      22      34       1   .rodata1    
     STRING.P.Display.PTA.as.bin.13            1A3A      21      33       1   .rodata1    
     STRING.Forward........14                  1A5B       F      15       1   .rodata1    
     STRING.Reverse........15                  1A6A       F      15       1   .rodata1    
     STRING.Greater.than.256...16              1A79      13      19       1   .rodata1    
     STRING.Greater.than.128...17              1A8C      13      19       1   .rodata1    
     STRING.Greater.than.64...18               1A9F      12      18       1   .rodata1    
     STRING.Less.than.or.eqal.to.19            1AB1      1A      26       1   .rodata1    
     STRING.Forward........20                  1ACB       F      15       1   .rodata1    
     STRING.Reverse........21                  1ADA       F      15       1   .rodata1    
     STRING.Stop........22                     1AE9       C      12       1   .rodata1    
MODULE:                 -- serial_interface.c.o --
- PROCEDURES:
     SCISetup                                  1F64       9       9       1   .text       
     SCIReceiveChar                            1F6D       8       8       1   .text       
     SCISendChar                               1F75       A      10       3   .text       
     SCIGetChar                                1F7F       A      10       1   .text       
     SCISendStr                                1F89      19      25      20   .text       
     SCIDisplayPrompt                          1FA2       A      10       1   .text       
     SCIDisplayBitString                       1FAC      34      52       4   .text       
     SCISendNewLine                            1FE0       5       5       5   .text       
- VARIABLES:
     STRING....1                               1AF5       3       3       1   .rodata1    
     STRING....2                               1AF8       3       3       1   .rodata1    
     STRING....3                               1AFB       3       3       1   .rodata1    
MODULE:                 -- util.c.o --
- PROCEDURES:
     Delay                                     1FE5      2F      47       4   .text       
- VARIABLES:
MODULE:                 -- isr.c.o --
- PROCEDURES:
     intSW3_4                                  2014      69     105       1   .text       
     intTPM2OVF                                207D      18      24       1   .text       
     intTPM2CH0                                2095      2E      46       1   .text       
     intTPM2CH1                                20C3      2E      46       1   .text       
- VARIABLES:
     oldLeft.1                                  180       2       2       3   .bss        
     oldRight.2                                 182       2       2       3   .bss        
     _Vector_22                                FFD2       2       2       0   .abs_section_ffd2
     _Vector_14                                FFE2       2       2       0   .abs_section_ffe2
     _Vector_12                                FFE6       2       2       0   .abs_section_ffe6
     _Vector_13                                FFE4       2       2       0   .abs_section_ffe4
MODULE:                 -- main.c.o --
- PROCEDURES:
     main                                      20F1      D4     212       1   .text       
- VARIABLES:
     mouseMode                                  184       2       2       5   .common     
     mouseStatus                                186       2       2       7   .common     
     leftMotor                                  188       2       2      10   .common     
     rightMotor                                 18A       2       2      10   .common     
     diffLeft                                   18C       2       2       4   .common     
     diffRight                                  18E       2       2       4   .common     
     travelDistance                             190       2       2       5   .common     
     scaleFactor                                192       2       2       2   .common     
     nomSpeed                                   194       2       2       1   .common     
     pwLeft                                     196       2       2       5   .common     
     pwRight                                    198       2       2       5   .common     
     pwMax                                      19A       2       2       3   .common     
     pwMin                                      19C       2       2       3   .common     

*********************************************************************************************
MODULE STATISTIC
  Name                                      Data   Code  Const
---------------------------------------------------------------------------------------------
  RTSHC08.C.o (ansiis.lib)                     0    260      0
  MC9S08AW60.C.o                             138      0      0
  Start08.c.o                                  0    132      0
  motor_control.c.o                            0    262      0
  mouse_control.c.o                            0    270      0
  mouse_operation.c.o                          0    334    511
  serial_interface.c.o                         0    129      9
  util.c.o                                     0     47      0
  isr.c.o                                      4    221      8
  main.c.o                                    26    212      0
  other                                      128     20      2

*********************************************************************************************
SECTION USE IN OBJECT-ALLOCATION SECTION
---------------------------------------------------------------------------------------------
SECTION: ".text"
  _IDIVMOD _SPLITSIGN _IMUL_STAR08 _IDIVS_STAR08 _IDIVU_STAR08 _ILSR 
  _Jump_Table_Header_Offset ControlMotor ControlSpeed ControlMouse 
  AvoidObstacle LineFollowing Combat Debug SCISetup SCIReceiveChar SCISendChar 
  SCIGetChar SCISendStr SCIDisplayPrompt SCIDisplayBitString SCISendNewLine 
  Delay intSW3_4 intTPM2OVF intTPM2CH0 intTPM2CH1 main 
SECTION: ".bss"
  oldLeft.1 oldRight.2 
SECTION: ".init"
  loadByte Init _Startup 
SECTION: ".rodata1"
  STRING.Welcome.to.the.debug.1 STRING.List.of.available.co.2 
  STRING.F.Forward...3 STRING.R.Reverse...4 STRING.S.Stop...5 
  STRING.A.roate.Anticlockwis.6 STRING.C.rotate.Clockwise...7 
  STRING.V.Veer.left.Clockwis.8 STRING.B.Veer.right.Clockwi.9 
  STRING...Increment.speed.by.10 STRING...Decrement.speed.by.11 
  STRING.D.Display.ADC.value..12 STRING.P.Display.PTA.as.bin.13 
  STRING.Forward........14 STRING.Reverse........15 
  STRING.Greater.than.256...16 STRING.Greater.than.128...17 
  STRING.Greater.than.64...18 STRING.Less.than.or.eqal.to.19 
  STRING.Forward........20 STRING.Reverse........21 STRING.Stop........22 
  STRING....1 STRING....2 STRING....3 
SECTION: ".common"
  mouseMode mouseStatus leftMotor rightMotor diffLeft diffRight travelDistance 
  scaleFactor nomSpeed pwLeft pwRight pwMax pwMin 
SECTION: ".abs_section_0"
  _PTAD 
SECTION: ".abs_section_1"
  _PTADD 
SECTION: ".abs_section_2"
  _PTBD 
SECTION: ".abs_section_3"
  _PTBDD 
SECTION: ".abs_section_4"
  _PTCD 
SECTION: ".abs_section_5"
  _PTCDD 
SECTION: ".abs_section_6"
  _PTDD 
SECTION: ".abs_section_7"
  _PTDDD 
SECTION: ".abs_section_8"
  _PTED 
SECTION: ".abs_section_9"
  _PTEDD 
SECTION: ".abs_section_a"
  _PTFD 
SECTION: ".abs_section_b"
  _PTFDD 
SECTION: ".abs_section_c"
  _PTGD 
SECTION: ".abs_section_d"
  _PTGDD 
SECTION: ".abs_section_10"
  _ADC1SC1 
SECTION: ".abs_section_11"
  _ADC1SC2 
SECTION: ".abs_section_16"
  _ADC1CFG 
SECTION: ".abs_section_17"
  _APCTL1 
SECTION: ".abs_section_18"
  _APCTL2 
SECTION: ".abs_section_1c"
  _IRQSC 
SECTION: ".abs_section_1e"
  _KBI1SC 
SECTION: ".abs_section_1f"
  _KBI1PE 
SECTION: ".abs_section_20"
  _TPM1SC 
SECTION: ".abs_section_25"
  _TPM1C0SC 
SECTION: ".abs_section_28"
  _TPM1C1SC 
SECTION: ".abs_section_2b"
  _TPM1C2SC 
SECTION: ".abs_section_2e"
  _TPM1C3SC 
SECTION: ".abs_section_31"
  _TPM1C4SC 
SECTION: ".abs_section_34"
  _TPM1C5SC 
SECTION: ".abs_section_3a"
  _SCI1C1 
SECTION: ".abs_section_3b"
  _SCI1C2 
SECTION: ".abs_section_3c"
  _SCI1S1 
SECTION: ".abs_section_3d"
  _SCI1S2 
SECTION: ".abs_section_3e"
  _SCI1C3 
SECTION: ".abs_section_3f"
  _SCI1D 
SECTION: ".abs_section_42"
  _SCI2C1 
SECTION: ".abs_section_43"
  _SCI2C2 
SECTION: ".abs_section_44"
  _SCI2S1 
SECTION: ".abs_section_45"
  _SCI2S2 
SECTION: ".abs_section_46"
  _SCI2C3 
SECTION: ".abs_section_47"
  _SCI2D 
SECTION: ".abs_section_48"
  _ICGC1 
SECTION: ".abs_section_49"
  _ICGC2 
SECTION: ".abs_section_4a"
  _ICGS1 
SECTION: ".abs_section_4b"
  _ICGS2 
SECTION: ".abs_section_4e"
  _ICGTRM 
SECTION: ".abs_section_50"
  _SPI1C1 
SECTION: ".abs_section_51"
  _SPI1C2 
SECTION: ".abs_section_52"
  _SPI1BR 
SECTION: ".abs_section_53"
  _SPI1S 
SECTION: ".abs_section_55"
  _SPI1D 
SECTION: ".abs_section_58"
  _IIC1A 
SECTION: ".abs_section_59"
  _IIC1F 
SECTION: ".abs_section_5a"
  _IIC1C 
SECTION: ".abs_section_5b"
  _IIC1S 
SECTION: ".abs_section_5c"
  _IIC1D 
SECTION: ".abs_section_60"
  _TPM2SC 
SECTION: ".abs_section_65"
  _TPM2C0SC 
SECTION: ".abs_section_68"
  _TPM2C1SC 
SECTION: ".abs_section_1800"
  _SRS 
SECTION: ".abs_section_1801"
  _SBDFR 
SECTION: ".abs_section_1802"
  _SOPT 
SECTION: ".abs_section_1803"
  _SMCLK 
SECTION: ".abs_section_1808"
  _SRTISC 
SECTION: ".abs_section_1809"
  _SPMSC1 
SECTION: ".abs_section_180a"
  _SPMSC2 
SECTION: ".abs_section_1816"
  _DBGC 
SECTION: ".abs_section_1817"
  _DBGT 
SECTION: ".abs_section_1818"
  _DBGS 
SECTION: ".abs_section_1820"
  _FCDIV 
SECTION: ".abs_section_1821"
  _FOPT 
SECTION: ".abs_section_1823"
  _FCNFG 
SECTION: ".abs_section_1824"
  _FPROT 
SECTION: ".abs_section_1825"
  _FSTAT 
SECTION: ".abs_section_1826"
  _FCMD 
SECTION: ".abs_section_1840"
  _PTAPE 
SECTION: ".abs_section_1841"
  _PTASE 
SECTION: ".abs_section_1842"
  _PTADS 
SECTION: ".abs_section_1844"
  _PTBPE 
SECTION: ".abs_section_1845"
  _PTBSE 
SECTION: ".abs_section_1846"
  _PTBDS 
SECTION: ".abs_section_1848"
  _PTCPE 
SECTION: ".abs_section_1849"
  _PTCSE 
SECTION: ".abs_section_184a"
  _PTCDS 
SECTION: ".abs_section_184c"
  _PTDPE 
SECTION: ".abs_section_184d"
  _PTDSE 
SECTION: ".abs_section_184e"
  _PTDDS 
SECTION: ".abs_section_1850"
  _PTEPE 
SECTION: ".abs_section_1851"
  _PTESE 
SECTION: ".abs_section_1852"
  _PTEDS 
SECTION: ".abs_section_1854"
  _PTFPE 
SECTION: ".abs_section_1855"
  _PTFSE 
SECTION: ".abs_section_1856"
  _PTFDS 
SECTION: ".abs_section_1858"
  _PTGPE 
SECTION: ".abs_section_1859"
  _PTGSE 
SECTION: ".abs_section_185a"
  _PTGDS 
SECTION: ".abs_section_12"
  _ADC1R 
SECTION: ".abs_section_14"
  _ADC1CV 
SECTION: ".abs_section_21"
  _TPM1CNT 
SECTION: ".abs_section_23"
  _TPM1MOD 
SECTION: ".abs_section_26"
  _TPM1C0V 
SECTION: ".abs_section_29"
  _TPM1C1V 
SECTION: ".abs_section_2c"
  _TPM1C2V 
SECTION: ".abs_section_2f"
  _TPM1C3V 
SECTION: ".abs_section_32"
  _TPM1C4V 
SECTION: ".abs_section_35"
  _TPM1C5V 
SECTION: ".abs_section_38"
  _SCI1BD 
SECTION: ".abs_section_40"
  _SCI2BD 
SECTION: ".abs_section_4c"
  _ICGFLT 
SECTION: ".abs_section_61"
  _TPM2CNT 
SECTION: ".abs_section_63"
  _TPM2MOD 
SECTION: ".abs_section_66"
  _TPM2C0V 
SECTION: ".abs_section_69"
  _TPM2C1V 
SECTION: ".abs_section_1806"
  _SDID 
SECTION: ".abs_section_1810"
  _DBGCA 
SECTION: ".abs_section_1812"
  _DBGCB 
SECTION: ".abs_section_1814"
  _DBGF 
SECTION: ".abs_section_ffd2"
  _Vector_22 
SECTION: ".abs_section_ffe2"
  _Vector_14 
SECTION: ".abs_section_ffe6"
  _Vector_12 
SECTION: ".abs_section_ffe4"
  _Vector_13 

*********************************************************************************************
OBJECT LIST SORTED BY ADDRESS
     Name                                      Addr   hSize   dSize     Ref    Section   RLIB
---------------------------------------------------------------------------------------------
     _PTAD                                        0       1       1      10   .abs_section_0
     _PTADD                                       1       1       1       1   .abs_section_1
     _PTBD                                        2       1       1       4   .abs_section_2
     _PTBDD                                       3       1       1       0   .abs_section_3
     _PTCD                                        4       1       1       0   .abs_section_4
     _PTCDD                                       5       1       1       0   .abs_section_5
     _PTDD                                        6       1       1       2   .abs_section_6
     _PTDDD                                       7       1       1       0   .abs_section_7
     _PTED                                        8       1       1       0   .abs_section_8
     _PTEDD                                       9       1       1       0   .abs_section_9
     _PTFD                                        A       1       1       0   .abs_section_a
     _PTFDD                                       B       1       1       0   .abs_section_b
     _PTGD                                        C       1       1       0   .abs_section_c
     _PTGDD                                       D       1       1       0   .abs_section_d
     _ADC1SC1                                    10       1       1       0   .abs_section_10
     _ADC1SC2                                    11       1       1       0   .abs_section_11
     _ADC1R                                      12       2       2       0   .abs_section_12
     _ADC1CV                                     14       2       2       0   .abs_section_14
     _ADC1CFG                                    16       1       1       1   .abs_section_16
     _APCTL1                                     17       1       1       1   .abs_section_17
     _APCTL2                                     18       1       1       0   .abs_section_18
     _IRQSC                                      1C       1       1       0   .abs_section_1c
     _KBI1SC                                     1E       1       1       1   .abs_section_1e
     _KBI1PE                                     1F       1       1       0   .abs_section_1f
     _TPM1SC                                     20       1       1       1   .abs_section_20
     _TPM1CNT                                    21       2       2       0   .abs_section_21
     _TPM1MOD                                    23       2       2       2   .abs_section_23
     _TPM1C0SC                                   25       1       1       0   .abs_section_25
     _TPM1C0V                                    26       2       2       0   .abs_section_26
     _TPM1C1SC                                   28       1       1       0   .abs_section_28
     _TPM1C1V                                    29       2       2       0   .abs_section_29
     _TPM1C2SC                                   2B       1       1       1   .abs_section_2b
     _TPM1C2V                                    2C       2       2       1   .abs_section_2c
     _TPM1C3SC                                   2E       1       1       1   .abs_section_2e
     _TPM1C3V                                    2F       2       2       1   .abs_section_2f
     _TPM1C4SC                                   31       1       1       1   .abs_section_31
     _TPM1C4V                                    32       2       2       1   .abs_section_32
     _TPM1C5SC                                   34       1       1       1   .abs_section_34
     _TPM1C5V                                    35       2       2       1   .abs_section_35
     _SCI1BD                                     38       2       2       0   .abs_section_38
     _SCI1C1                                     3A       1       1       0   .abs_section_3a
     _SCI1C2                                     3B       1       1       0   .abs_section_3b
     _SCI1S1                                     3C       1       1       0   .abs_section_3c
     _SCI1S2                                     3D       1       1       0   .abs_section_3d
     _SCI1C3                                     3E       1       1       0   .abs_section_3e
     _SCI1D                                      3F       1       1       0   .abs_section_3f
     _SCI2BD                                     40       2       2       1   .abs_section_40
     _SCI2C1                                     42       1       1       0   .abs_section_42
     _SCI2C2                                     43       1       1       1   .abs_section_43
     _SCI2S1                                     44       1       1       3   .abs_section_44
     _SCI2S2                                     45       1       1       0   .abs_section_45
     _SCI2C3                                     46       1       1       0   .abs_section_46
     _SCI2D                                      47       1       1       2   .abs_section_47
     _ICGC1                                      48       1       1       1   .abs_section_48
     _ICGC2                                      49       1       1       0   .abs_section_49
     _ICGS1                                      4A       1       1       0   .abs_section_4a
     _ICGS2                                      4B       1       1       0   .abs_section_4b
     _ICGFLT                                     4C       2       2       0   .abs_section_4c
     _ICGTRM                                     4E       1       1       0   .abs_section_4e
     _SPI1C1                                     50       1       1       0   .abs_section_50
     _SPI1C2                                     51       1       1       0   .abs_section_51
     _SPI1BR                                     52       1       1       0   .abs_section_52
     _SPI1S                                      53       1       1       0   .abs_section_53
     _SPI1D                                      55       1       1       0   .abs_section_55
     _IIC1A                                      58       1       1       0   .abs_section_58
     _IIC1F                                      59       1       1       0   .abs_section_59
     _IIC1C                                      5A       1       1       0   .abs_section_5a
     _IIC1S                                      5B       1       1       0   .abs_section_5b
     _IIC1D                                      5C       1       1       0   .abs_section_5c
     _TPM2SC                                     60       1       1       2   .abs_section_60
     _TPM2CNT                                    61       2       2       0   .abs_section_61
     _TPM2MOD                                    63       2       2       1   .abs_section_63
     _TPM2C0SC                                   65       1       1       2   .abs_section_65
     _TPM2C0V                                    66       2       2       2   .abs_section_66
     _TPM2C1SC                                   68       1       1       2   .abs_section_68
     _TPM2C1V                                    69       2       2       2   .abs_section_69
     oldLeft.1                                  180       2       2       3   .bss        
     oldRight.2                                 182       2       2       3   .bss        
     mouseMode                                  184       2       2       5   .common     
     mouseStatus                                186       2       2       7   .common     
     leftMotor                                  188       2       2      10   .common     
     rightMotor                                 18A       2       2      10   .common     
     diffLeft                                   18C       2       2       4   .common     
     diffRight                                  18E       2       2       4   .common     
     travelDistance                             190       2       2       5   .common     
     scaleFactor                                192       2       2       2   .common     
     nomSpeed                                   194       2       2       1   .common     
     pwLeft                                     196       2       2       5   .common     
     pwRight                                    198       2       2       5   .common     
     pwMax                                      19A       2       2       3   .common     
     pwMin                                      19C       2       2       3   .common     
     _SRS                                      1800       1       1       0   .abs_section_1800
     _SBDFR                                    1801       1       1       0   .abs_section_1801
     _SOPT                                     1802       1       1       1   .abs_section_1802
     _SMCLK                                    1803       1       1       0   .abs_section_1803
     _SDID                                     1806       2       2       0   .abs_section_1806
     _SRTISC                                   1808       1       1       0   .abs_section_1808
     _SPMSC1                                   1809       1       1       0   .abs_section_1809
     _SPMSC2                                   180A       1       1       0   .abs_section_180a
     _DBGCA                                    1810       2       2       0   .abs_section_1810
     _DBGCB                                    1812       2       2       0   .abs_section_1812
     _DBGF                                     1814       2       2       0   .abs_section_1814
     _DBGC                                     1816       1       1       0   .abs_section_1816
     _DBGT                                     1817       1       1       0   .abs_section_1817
     _DBGS                                     1818       1       1       0   .abs_section_1818
     _FCDIV                                    1820       1       1       0   .abs_section_1820
     _FOPT                                     1821       1       1       0   .abs_section_1821
     _FCNFG                                    1823       1       1       0   .abs_section_1823
     _FPROT                                    1824       1       1       0   .abs_section_1824
     _FSTAT                                    1825       1       1       0   .abs_section_1825
     _FCMD                                     1826       1       1       0   .abs_section_1826
     _PTAPE                                    1840       1       1       1   .abs_section_1840
     _PTASE                                    1841       1       1       0   .abs_section_1841
     _PTADS                                    1842       1       1       0   .abs_section_1842
     _PTBPE                                    1844       1       1       0   .abs_section_1844
     _PTBSE                                    1845       1       1       0   .abs_section_1845
     _PTBDS                                    1846       1       1       0   .abs_section_1846
     _PTCPE                                    1848       1       1       0   .abs_section_1848
     _PTCSE                                    1849       1       1       0   .abs_section_1849
     _PTCDS                                    184A       1       1       0   .abs_section_184a
     _PTDPE                                    184C       1       1       0   .abs_section_184c
     _PTDSE                                    184D       1       1       0   .abs_section_184d
     _PTDDS                                    184E       1       1       0   .abs_section_184e
     _PTEPE                                    1850       1       1       0   .abs_section_1850
     _PTESE                                    1851       1       1       0   .abs_section_1851
     _PTEDS                                    1852       1       1       0   .abs_section_1852
     _PTFPE                                    1854       1       1       0   .abs_section_1854
     _PTFSE                                    1855       1       1       0   .abs_section_1855
     _PTFDS                                    1856       1       1       0   .abs_section_1856
     _PTGPE                                    1858       1       1       0   .abs_section_1858
     _PTGSE                                    1859       1       1       0   .abs_section_1859
     _PTGDS                                    185A       1       1       0   .abs_section_185a
     loadByte                                  1860       E      14       5   .init       
     Init                                      186E      6D     109       1   .init       
     _Startup                                  18DB       9       9       0   .init       
     STRING.Welcome.to.the.debug.1             18F6      43      67       1   .rodata1    
     STRING.List.of.available.co.2             1939      1E      30       1   .rodata1    
     STRING.F.Forward...3                      1957       C      12       1   .rodata1    
     STRING.R.Reverse...4                      1963       C      12       1   .rodata1    
     STRING.S.Stop...5                         196F       9       9       1   .rodata1    
     STRING.A.roate.Anticlockwis.6             1978      18      24       1   .rodata1    
     STRING.C.rotate.Clockwise...7             1990      15      21       1   .rodata1    
     STRING.V.Veer.left.Clockwis.8             19A5      18      24       1   .rodata1    
     STRING.B.Veer.right.Clockwi.9             19BD      19      25       1   .rodata1    
     STRING...Increment.speed.by.10            19D6      21      33       1   .rodata1    
     STRING...Decrement.speed.by.11            19F7      21      33       1   .rodata1    
     STRING.D.Display.ADC.value..12            1A18      22      34       1   .rodata1    
     STRING.P.Display.PTA.as.bin.13            1A3A      21      33       1   .rodata1    
     STRING.Forward........14                  1A5B       F      15       1   .rodata1    
     STRING.Reverse........15                  1A6A       F      15       1   .rodata1    
     STRING.Greater.than.256...16              1A79      13      19       1   .rodata1    
     STRING.Greater.than.128...17              1A8C      13      19       1   .rodata1    
     STRING.Greater.than.64...18               1A9F      12      18       1   .rodata1    
     STRING.Less.than.or.eqal.to.19            1AB1      1A      26       1   .rodata1    
     STRING.Forward........20                  1ACB       F      15       1   .rodata1    
     STRING.Reverse........21                  1ADA       F      15       1   .rodata1    
     STRING.Stop........22                     1AE9       C      12       1   .rodata1    
     STRING....1                               1AF5       3       3       1   .rodata1    
     STRING....2                               1AF8       3       3       1   .rodata1    
     STRING....3                               1AFB       3       3       1   .rodata1    
     _IDIVMOD                                  1AFE      69     105       2   .text       
     _SPLITSIGN                                1B67      1C      28       1   .text       
     _IMUL_STAR08                              1B83      27      39       1   .text       
     _IDIVS_STAR08                             1BAA      1B      27       1   .text       
     _IDIVU_STAR08                             1BC5       D      13       1   .text       
     _ILSR                                     1BD2       C      12       1   .text       
     _Jump_Table_Header_Offset                 1BDE      24      36       4   .text       
     ControlMotor                              1C02      86     134       7   .text       
     ControlSpeed                              1C88      80     128       1   .text       
     ControlMouse                              1D08     10E     270      11   .text       
     AvoidObstacle                             1E16      4E      78       1   .text       
     LineFollowing                             1E64      2A      42       1   .text       
     Combat                                    1E8E       1       1       1   .text       
     Debug                                     1E8F      D5     213       1   .text       
     SCISetup                                  1F64       9       9       1   .text       
     SCIReceiveChar                            1F6D       8       8       1   .text       
     SCISendChar                               1F75       A      10       3   .text       
     SCIGetChar                                1F7F       A      10       1   .text       
     SCISendStr                                1F89      19      25      20   .text       
     SCIDisplayPrompt                          1FA2       A      10       1   .text       
     SCIDisplayBitString                       1FAC      34      52       4   .text       
     SCISendNewLine                            1FE0       5       5       5   .text       
     Delay                                     1FE5      2F      47       4   .text       
     intSW3_4                                  2014      69     105       1   .text       
     intTPM2OVF                                207D      18      24       1   .text       
     intTPM2CH0                                2095      2E      46       1   .text       
     intTPM2CH1                                20C3      2E      46       1   .text       
     main                                      20F1      D4     212       1   .text       
     _Vector_22                                FFD2       2       2       0   .abs_section_ffd2
     _Vector_14                                FFE2       2       2       0   .abs_section_ffe2
     _Vector_13                                FFE4       2       2       0   .abs_section_ffe4
     _Vector_12                                FFE6       2       2       0   .abs_section_ffe6

*********************************************************************************************
UNUSED-OBJECTS SECTION
---------------------------------------------------------------------------------------------
NOT USED PROCEDURES
RTSHC08.C.o (ansiis.lib):
  _PUSH_ARGS_L _PUSH_ARGS_D _ENTER_UNARY_L _ENTER_UNARY_L64 _ENTER_UNARY_L64_4 
  _ENTER_BINARY_L _ENTER_BINARY_L_RC _ENTER_BINARY_L_LC _ENTER_BINARY_L64 
  _ENTER_BINARY_L64_LC _ENTER_BINARY_L64_RC _LADD_k_is_k_plus_j 
  _k_is_k_plus_j_l _k_is_k_plus_j_i _LSUB_k_is_k_minus_j _LAND_k_is_k_and_j 
  _LOR_k_is_k_or_j _LXOR_k_is_k_xor_j _LMUL_k_is_k_mul_j _LDIVMOD _NEG_L_HX 
  _ABS_L_HX _SPLITSIGN_L _LMODU_k_is_k_mod_j _LDIVU_k_is_k_div_j 
  _LMODS_k_is_k_mod_j _LDIVS_k_is_k_div_j _LCMP_k_rel_j _CMP24_k_rel_j _BMULS 
  _BDIVS _BMODS _IMODS_STAR08 _IMODU_STAR08 _IDIVU_8 _IMODU_8 _IASR _ILSL _ICMP 
  _LINC _LDEC _LNEG _LNOT _LADD _LADD_RC _LSUB _LSUB_LC _LSUB_RC _LAND _LAND_RC 
  _LOR _LOR_RC _LXOR _LXOR_RC _LMUL _LMUL_RC _LDIVS _LDIVS_LC _LDIVS_RC _LDIVU 
  _LDIVU_LC _LDIVU_RC _LMODS _LMODS_LC _LMODS_RC _LMODU _LMODU_LC _LMODU_RC 
  _LASR _LLSR _LLSL _LCMP _LCMP_RC _PUSH_ARGS_24 _ENTER_BINARY_24_RC 
  _ENTER_BINARY_24 _CMP24 _CMP24_RC _COPY _COPY_L _POP32 _POP64 _STORE32 
  _STORE64 _SEXT8_32 _SEXT16_32 _CALL_STAR08 _CALL_STAR08_FAR _Jump_Table_Addr 
  _Jump_Table_Offset _Jump_Table_Header_Addr _Search_Table_16_Addr 
  _Search_Table_16_Offset _Search_Table_8_Addr _Search_Table_8_Offset _PUSH_CC 
  _POP_CC _CONV_FAR_TO_NEAR _CONV_FAR_TO_LINEAR _CONV_LINEAR_TO_FAR 
mouse_operation.c.o:
  Test 
util.c.o:
  BitSet BitClear 
NOT USED VARIABLES
RTSHC08.C.o (ansiis.lib):
  _PowOfTwo_8 _PowOfTwo_16 _PowOfTwo_32 errno 

*********************************************************************************************
COPYDOWN SECTION
---------------------------------------------------------------------------------------------
------- ROM-ADDRESS: 0x21C5 ---- SIZE       2 ---
Filling bytes inserted
 0000

*********************************************************************************************
OBJECT-DEPENDENCIES SECTION
---------------------------------------------------------------------------------------------
Init                      USES _startupData loadByte 
_Startup                  USES __SEG_END_SSTACK Init main 
_SPLITSIGN                USES _IDIVMOD 
_IDIVS_STAR08             USES _SPLITSIGN 
_IDIVU_STAR08             USES _IDIVMOD 
ControlMotor              USES _Jump_Table_Header_Offset pwLeft pwRight 
                                _TPM1C2V _TPM1C3V leftMotor _TPM1C4V _TPM1C5V 
                                rightMotor _TPM1MOD _IMUL_STAR08 _IDIVU_STAR08 
ControlSpeed              USES diffLeft diffRight scaleFactor _IDIVS_STAR08 
                                pwLeft pwRight pwMin pwMax 
ControlMouse              USES _Jump_Table_Header_Offset leftMotor 
                                ControlMouse rightMotor mouseStatus ControlMotor 
AvoidObstacle             USES mouseMode _PTAD ControlMouse Delay 
LineFollowing             USES mouseMode ControlMouse _PTBD Delay 
Debug                     USES SCISendNewLine STRING.Welcome.to.the.debug.1 
                                SCISendStr STRING.List.of.available.co.2 
                                STRING.F.Forward...3 STRING.R.Reverse...4 STRING.S.Stop...5 
                                STRING.A.roate.Anticlockwis.6 STRING.C.rotate.Clockwise...7 
                                STRING.V.Veer.left.Clockwis.8 STRING.B.Veer.right.Clockwi.9 
                                STRING...Increment.speed.by.10 STRING...Decrement.speed.by.11 
                                STRING.D.Display.ADC.value..12 STRING.P.Display.PTA.as.bin.13 
                                SCIDisplayPrompt SCIGetChar SCIDisplayBitString 
                                STRING.Forward........14 STRING.Reverse........15 
                                STRING.Greater.than.256...16 STRING.Greater.than.128...17 
                                STRING.Greater.than.64...18 STRING.Less.than.or.eqal.to.19 
                                STRING.Forward........20 STRING.Reverse........21 STRING.Stop........22 
SCISetup                  USES _SCI2BD _SCI2C2 
SCIReceiveChar            USES _SCI2S1 _SCI2D 
SCISendChar               USES _SCI2S1 _SCI2D 
SCIGetChar                USES SCIReceiveChar SCISendChar SCISendNewLine 
SCISendStr                USES SCISendChar 
SCIDisplayPrompt          USES STRING....1 SCISendStr STRING....2 
SCIDisplayBitString       USES _ILSR SCISendChar SCISendNewLine 
SCISendNewLine            USES STRING....3 SCISendStr 
intSW3_4                  USES _PTDD leftMotor _Jump_Table_Header_Offset 
                                rightMotor ControlMotor _KBI1SC 
intTPM2OVF                USES _TPM2SC leftMotor rightMotor ControlSpeed 
intTPM2CH0                USES _TPM2C0SC _TPM2C0V oldLeft.1 diffLeft 
                                travelDistance 
intTPM2CH1                USES _TPM2C1SC _TPM2C1V oldRight.2 diffRight 
                                travelDistance 
main                      USES _SOPT _ICGC1 Delay SCISetup _TPM1SC _TPM1MOD 
                                _TPM1C2SC _TPM1C3SC _TPM1C4SC _TPM1C5SC _TPM2SC _TPM2MOD 
                                _TPM2C0SC _TPM2C1SC diffLeft diffRight travelDistance 
                                scaleFactor nomSpeed pwLeft pwRight pwMax pwMin _ADC1CFG 
                                _APCTL1 leftMotor rightMotor _PTAPE _PTADD _PTAD _PTBD 
                                Debug mouseMode Combat LineFollowing AvoidObstacle 
_Vector_22                USES intSW3_4 
_Vector_14                USES intTPM2OVF 
_Vector_13                USES intTPM2CH1 
_Vector_12                USES intTPM2CH0 

*********************************************************************************************
DEPENDENCY TREE
*********************************************************************************************
 main and _Startup Group
 | 
 +- main                
 |  | 
 |  +- Delay               
 |  |    
 |  +- SCISetup            
 |  |    
 |  +- Debug               
 |  |  | 
 |  |  +- SCISendNewLine      
 |  |  |  | 
 |  |  |  +- SCISendStr          
 |  |  |     | 
 |  |  |     +- SCISendChar         
 |  |  |          
 |  |  +- SCISendStr           (see above)
 |  |  |  
 |  |  +- SCIDisplayPrompt    
 |  |  |  | 
 |  |  |  +- SCISendStr           (see above)
 |  |  |     
 |  |  +- SCIGetChar          
 |  |  |  | 
 |  |  |  +- SCIReceiveChar      
 |  |  |  |    
 |  |  |  +- SCISendChar          (see above)
 |  |  |  |  
 |  |  |  +- SCISendNewLine       (see above)
 |  |  |     
 |  |  +- SCIDisplayBitString 
 |  |     | 
 |  |     +- _ILSR               
 |  |     |    
 |  |     +- SCISendChar          (see above)
 |  |     |  
 |  |     +- SCISendNewLine       (see above)
 |  |        
 |  +- Combat              
 |  |    
 |  +- LineFollowing       
 |  |  | 
 |  |  +- ControlMouse        
 |  |  |  | 
 |  |  |  +- _Jump_Table_Header_Offset
 |  |  |  |    
 |  |  |  +- ControlMotor        
 |  |  |     | 
 |  |  |     +- _Jump_Table_Header_Offset (see above)
 |  |  |     |  
 |  |  |     +- _IMUL_STAR08        
 |  |  |     |    
 |  |  |     +- _IDIVU_STAR08       
 |  |  |        | 
 |  |  |        +- _IDIVMOD            
 |  |  |             
 |  |  +- Delay                (see above)
 |  |     
 |  +- AvoidObstacle       
 |     | 
 |     +- ControlMouse         (see above)
 |     |  
 |     +- Delay                (see above)
 |        
 +- _Startup            
    | 
    +- Init                
    |  | 
    |  +- loadByte            
    |       
    +- main                 (see above)
       
 _Vector_22          
 | 
 +- intSW3_4            
    | 
    +- _Jump_Table_Header_Offset (see above)
    |  
    +- ControlMotor         (see above)
       
 _Vector_14          
 | 
 +- intTPM2OVF          
    | 
    +- ControlSpeed        
       | 
       +- _IDIVS_STAR08       
          | 
          +- _SPLITSIGN          
             | 
             +- _IDIVMOD             (see above)
                
 _Vector_12          
 | 
 +- intTPM2CH0          
      
 _Vector_13          
 | 
 +- intTPM2CH1          
      
*********************************************************************************************
STATISTIC SECTION
---------------------------------------------------------------------------------------------

ExeFile:
--------
Number of blocks to be downloaded: 8
Total size of all blocks to be downloaded: 2417

